/vendor_dlkm/etc/NOTICE.xml.gz 24
/vendor_dlkm/etc/build.prop 25
/vendor_dlkm/lib/modules/adsp.ko 28-73
/vendor_dlkm/lib/modules/archcounter_timesync.ko 74-79
/vendor_dlkm/lib/modules/asix.ko 80-108
/vendor_dlkm/lib/modules/atf_logger.ko 109-122
/vendor_dlkm/lib/modules/audio_ipi.ko 123-172
/vendor_dlkm/lib/modules/aw862xx_haptic.ko 173-252
/vendor_dlkm/lib/modules/ax88179_178a.ko 253-271
/vendor_dlkm/lib/modules/backlight_cooling.ko 272-276
/vendor_dlkm/lib/modules/board_temp.ko 277-282
/vendor_dlkm/lib/modules/bt_drv_connac1x.ko 283-312
/vendor_dlkm/lib/modules/btif_drv.ko 313-391
/vendor_dlkm/lib/modules/c2k_usb.ko 392-416
/vendor_dlkm/lib/modules/c2k_usb_f_via_atc.ko 417-419
/vendor_dlkm/lib/modules/c2k_usb_f_via_ets.ko 420-422
/vendor_dlkm/lib/modules/c2k_usb_f_via_gps.ko 423-425
/vendor_dlkm/lib/modules/c2k_usb_f_via_modem.ko 426-428
/vendor_dlkm/lib/modules/c2k_usb_f_via_pcv.ko 429-431
/vendor_dlkm/lib/modules/cam_qos.ko 432-444
/vendor_dlkm/lib/modules/camera_dip_isp6s.ko 445-498 0 0 0 0 0 0 0 0 0 0 0 0 0 0 499-772
/vendor_dlkm/lib/modules/camera_eeprom.ko 773-804
/vendor_dlkm/lib/modules/camera_fdvt_isp51.ko 805-857
/vendor_dlkm/lib/modules/camera_isp.ko 858-913 0 0 0 0 0 0 914-1069
/vendor_dlkm/lib/modules/camera_mem.ko 1070-1084
/vendor_dlkm/lib/modules/camera_rsc_isp60.ko 1085-1129
/vendor_dlkm/lib/modules/ccci_auxadc.ko 1130-1134
/vendor_dlkm/lib/modules/ccci_ccif.ko 1135-1184
/vendor_dlkm/lib/modules/ccci_dpmaif.ko 1185-1240 0 0 0 0 1241-1405
/vendor_dlkm/lib/modules/ccci_fsm_scp.ko 1406-1415
/vendor_dlkm/lib/modules/ccci_md_all.ko 1416-1670
/vendor_dlkm/lib/modules/ccci_md_clk.ko 1671-1674
/vendor_dlkm/lib/modules/ccci_rtc.ko 1675-1678
/vendor_dlkm/lib/modules/ccci_util_lib.ko 1679-1739
/vendor_dlkm/lib/modules/ccmni.ko 1740-1755
/vendor_dlkm/lib/modules/charger_cooling.ko 1756-1761
/vendor_dlkm/lib/modules/clk-dbg-mt6789.ko 1762-1768
/vendor_dlkm/lib/modules/clk-disable-unused.ko 1769-1772
/vendor_dlkm/lib/modules/cmdq-sec-drv.ko 1773-1798
/vendor_dlkm/lib/modules/cmdq-test.ko 1799-1821
/vendor_dlkm/lib/modules/connadp.ko 1822-1842
/vendor_dlkm/lib/modules/connfem.ko 1843-1864
/vendor_dlkm/lib/modules/cpudvfs.ko 1865-1872
/vendor_dlkm/lib/modules/cpufreq_sugov_ext.ko 1873-1892
/vendor_dlkm/lib/modules/cpuqos_v3.ko 1893-1915
/vendor_dlkm/lib/modules/devmpu.ko 1916-1921
/vendor_dlkm/lib/modules/fair.ko 1922-1932
/vendor_dlkm/lib/modules/fhctl.ko 1933-1974
/vendor_dlkm/lib/modules/flashlight.ko 1975-2003
/vendor_dlkm/lib/modules/flashlights-aw36515.ko 2004-2014
/vendor_dlkm/lib/modules/fmradio_drv_mt6631_6635.ko 2015-2159
/vendor_dlkm/lib/modules/fpsgo.ko 2160-2176
/vendor_dlkm/lib/modules/fs3xxx_haptic.ko 2177-2240
/vendor_dlkm/lib/modules/ged.ko 2241-2355
/vendor_dlkm/lib/modules/gps_drv_stp.ko 2356-2387
/vendor_dlkm/lib/modules/gps_pwr.ko 2388-2393
/vendor_dlkm/lib/modules/gpueb.ko 2394-2421
/vendor_dlkm/lib/modules/gt9886.ko 2422-2477
/vendor_dlkm/lib/modules/gt9896s.ko 2478-2531
/vendor_dlkm/lib/modules/gz_ipc_mod.ko 2532-2556
/vendor_dlkm/lib/modules/gz_irq_mod.ko 2557-2564
/vendor_dlkm/lib/modules/gz_log_mod.ko 2565-2573
/vendor_dlkm/lib/modules/gz_main_mod.ko 2574-2596
/vendor_dlkm/lib/modules/gz_trusty_mod.ko 2597-2611
/vendor_dlkm/lib/modules/gz_tz_system.ko 2612-2632
/vendor_dlkm/lib/modules/gz_virtio_mod.ko 2633-2644
/vendor_dlkm/lib/modules/hf_manager.ko 2645-2663
/vendor_dlkm/lib/modules/imgsensor_isp6s.ko 2664-2800
/vendor_dlkm/lib/modules/iommu_gz.ko 2801-2808
/vendor_dlkm/lib/modules/load_track.ko 2809-2814
/vendor_dlkm/lib/modules/lzo-rle.ko 2815-2818
/vendor_dlkm/lib/modules/lzo.ko 2819-2822
/vendor_dlkm/lib/modules/main2af.ko 2823-2872
/vendor_dlkm/lib/modules/main3af.ko 2873-2888
/vendor_dlkm/lib/modules/mainaf.ko 2889-3017
/vendor_dlkm/lib/modules/mali_kbase_mt6789.ko 3018-3124 0 0 0 3125-3143 0 0 3144-3407
/vendor_dlkm/lib/modules/mali_mgm_mt6789.ko 3408-3415
/vendor_dlkm/lib/modules/mali_prot_alloc_mt6789.ko 3416-3421
/vendor_dlkm/lib/modules/mcupm.ko 3422-3437
/vendor_dlkm/lib/modules/md_cooling_all.ko 3438-3452
/vendor_dlkm/lib/modules/mddp.ko 3453-3497
/vendor_dlkm/lib/modules/mdp_drv_mt6789.ko 3498-3550 0 0 0 3551-3726
/vendor_dlkm/lib/modules/memfusion.ko 3727-3762
/vendor_dlkm/lib/modules/met.ko 3763-4054
/vendor_dlkm/lib/modules/met_backlight_api.ko 4055-4057
/vendor_dlkm/lib/modules/met_emi_api.ko 4058-4060
/vendor_dlkm/lib/modules/met_gpu_adv_api.ko 4061-4063
/vendor_dlkm/lib/modules/met_gpu_api.ko 4064-4067
/vendor_dlkm/lib/modules/met_ipi_api.ko 4068-4071
/vendor_dlkm/lib/modules/met_mcupm_api.ko 4072-4075
/vendor_dlkm/lib/modules/met_scmi_api.ko 4076-4079
/vendor_dlkm/lib/modules/met_sspm_api.ko 4080-4083
/vendor_dlkm/lib/modules/met_vcore_api.ko 4084-4087
/vendor_dlkm/lib/modules/modules.alias 4088-4092
/vendor_dlkm/lib/modules/modules.dep 4093-4104
/vendor_dlkm/lib/modules/modules.load 4105
/vendor_dlkm/lib/modules/modules.softdep 4106
/vendor_dlkm/lib/modules/mt6358-accdet.ko 4107-4129
/vendor_dlkm/lib/modules/mt63xx-oc-debug.ko 4130-4135
/vendor_dlkm/lib/modules/mt6789-mt6366.ko 4136-4156
/vendor_dlkm/lib/modules/mtk-afe-external.ko 4157-4160
/vendor_dlkm/lib/modules/mtk-btcvsd.ko 4161-4173
/vendor_dlkm/lib/modules/mtk-cqdma.ko 4174-4186
/vendor_dlkm/lib/modules/mtk-dvfsrc-start.ko 4187-4189
/vendor_dlkm/lib/modules/mtk-lpm-dbg-common-v1.ko 4190-4235
/vendor_dlkm/lib/modules/mtk-lpm-dbg-mt6789.ko 4236-4262
/vendor_dlkm/lib/modules/mtk-lpm-plat-v1.ko 4263-4273
/vendor_dlkm/lib/modules/mtk-lpm.ko 4274-4301
/vendor_dlkm/lib/modules/mtk-mbox.ko 4302-4312
/vendor_dlkm/lib/modules/mtk-pm-domain-disable-unused.ko 4313-4315
/vendor_dlkm/lib/modules/mtk-pwm.ko 4316-4351
/vendor_dlkm/lib/modules/mtk-scp-audio.ko 4352-4381
/vendor_dlkm/lib/modules/mtk-scp-audiocommon.ko 4382-4388
/vendor_dlkm/lib/modules/mtk-scp-ultra.ko 4389-4392
/vendor_dlkm/lib/modules/mtk-scp-vow.ko 4393-4395
/vendor_dlkm/lib/modules/mtk-sp-spk-amp.ko 4396-4402
/vendor_dlkm/lib/modules/mtk-ssc-dbg-v2.ko 4403-4407
/vendor_dlkm/lib/modules/mtk-ssc.ko 4408-4415
/vendor_dlkm/lib/modules/mtk-swpm-dbg-common-v1.ko 4416-4420
/vendor_dlkm/lib/modules/mtk-swpm-dbg-v6789.ko 4421-4438
/vendor_dlkm/lib/modules/mtk-swpm.ko 4439-4451
/vendor_dlkm/lib/modules/mtk-vcodec-common.ko 4452-4476
/vendor_dlkm/lib/modules/mtk-vcodec-dec-v1.ko 4477-4564
/vendor_dlkm/lib/modules/mtk-vcodec-enc-v1.ko 4565-4648
/vendor_dlkm/lib/modules/mtk-vcu.ko 4649-4704
/vendor_dlkm/lib/modules/mtk-vow.ko 4705-4758
/vendor_dlkm/lib/modules/mtk_battery_oc_throttling.ko 4759-4767
/vendor_dlkm/lib/modules/mtk_bp_thl.ko 4768-4775
/vendor_dlkm/lib/modules/mtk_cm_ipi.ko 4776-4779
/vendor_dlkm/lib/modules/mtk_cm_mgr.ko 4780-4799
/vendor_dlkm/lib/modules/mtk_cm_mgr_mt6789.ko 4800-4807
/vendor_dlkm/lib/modules/mtk_core_ctl.ko 4808-4839
/vendor_dlkm/lib/modules/mtk_cpu_power_throttling.ko 4840-4844
/vendor_dlkm/lib/modules/mtk_disp_sec.ko 4845-4854
/vendor_dlkm/lib/modules/mtk_dynamic_loading_throttling.ko 4855-4863
/vendor_dlkm/lib/modules/mtk_fpsgo.ko 4864-4919 0 4920-5109
/vendor_dlkm/lib/modules/mtk_gpu_hal.ko 5110-5126
/vendor_dlkm/lib/modules/mtk_gpu_qos.ko 5127-5133
/vendor_dlkm/lib/modules/mtk_gpufreq_mt6789.ko 5134-5182
/vendor_dlkm/lib/modules/mtk_gpufreq_wrapper.ko 5183-5221
/vendor_dlkm/lib/modules/mtk_heap_debug.ko 5222-5240
/vendor_dlkm/lib/modules/mtk_irtx_pwm.ko 5241-5245
/vendor_dlkm/lib/modules/mtk_jpeg.ko 5246-5269
/vendor_dlkm/lib/modules/mtk_low_battery_throttling.ko 5270-5275
/vendor_dlkm/lib/modules/mtk_md_power_throttling.ko 5276-5279
/vendor_dlkm/lib/modules/mtk_mdpm.ko 5280-5305
/vendor_dlkm/lib/modules/mtk_pbm.ko 5306-5319
/vendor_dlkm/lib/modules/mtk_perf_common.ko 5320-5344
/vendor_dlkm/lib/modules/mtk_perf_ioctl.ko 5345-5355
/vendor_dlkm/lib/modules/mtk_qos.ko 5356-5368
/vendor_dlkm/lib/modules/mtk_rpmsg_mbox.ko 5369-5373
/vendor_dlkm/lib/modules/mtk_sec_heap.ko 5374-5390
/vendor_dlkm/lib/modules/mtk_tinysys_ipi.ko 5391-5399
/vendor_dlkm/lib/modules/mtk_u_ether.ko 5400-5418
/vendor_dlkm/lib/modules/mtk_usb_f_rndis.ko 5419-5437
/vendor_dlkm/lib/modules/nvmem-mt635x-efuse.ko 5438-5442
/vendor_dlkm/lib/modules/pmic_temp.ko 5443-5452
/vendor_dlkm/lib/modules/pmsr.ko 5453-5459
/vendor_dlkm/lib/modules/pn553.ko 5460-5474
/vendor_dlkm/lib/modules/pnpmgr.ko 5475-5480 0 0 0 0 0 0 0 0 0 0 0 0 0 0 0 0 0 5481-5503
/vendor_dlkm/lib/modules/reboot-mode.ko 5504-5508
/vendor_dlkm/lib/modules/richtek_spm_cls.ko 5509-5516
/vendor_dlkm/lib/modules/rps_perf.ko 5517-5520
/vendor_dlkm/lib/modules/scheduler.ko 5521-5584
/vendor_dlkm/lib/modules/scp.ko 5585-5696
/vendor_dlkm/lib/modules/sec.ko 5697-5702 0 0 0 0 0 0 0 5703-5721
/vendor_dlkm/lib/modules/sensorhub.ko 5722-5749
/vendor_dlkm/lib/modules/snd-soc-audiodsp-common.ko 5750-5792
/vendor_dlkm/lib/modules/snd-soc-fs1599.ko 5794-5826
/vendor_dlkm/lib/modules/snd-soc-mt6366.ko 5827-5854 0 5855-5891
/vendor_dlkm/lib/modules/snd-soc-mt6789-afe.ko 5892-5928 0 5929-5932 0 5933-5936 0 5937-6031
/vendor_dlkm/lib/modules/snd-soc-mtk-common.ko 6032-6061
/vendor_dlkm/lib/modules/snd-soc-mtk-scp-ultra.ko 6062-6076
/vendor_dlkm/lib/modules/snd-soc-rt5512.ko 6077-6092
/vendor_dlkm/lib/modules/snd-soc-tfa98xx.ko 6093-6186
/vendor_dlkm/lib/modules/soc_temp_lvts.ko 6187-6216
/vendor_dlkm/lib/modules/spmtwam.ko 6217-6229
/vendor_dlkm/lib/modules/sspm_v3.ko 6230-6243
/vendor_dlkm/lib/modules/sub2af.ko 6244-6254
/vendor_dlkm/lib/modules/subaf.ko 6255-6279
/vendor_dlkm/lib/modules/syscon-reboot-mode.ko 6280-6283
/vendor_dlkm/lib/modules/task_turbo.ko 6284-6316
/vendor_dlkm/lib/modules/thermal-generic-adc.ko 6317-6320
/vendor_dlkm/lib/modules/thermal_interface.ko 6321-6352
/vendor_dlkm/lib/modules/thermal_trace.ko 6353-6391
/vendor_dlkm/lib/modules/trace_mmstat.ko 6392-6405
/vendor_dlkm/lib/modules/tran_fre.ko 6406-6457
/vendor_dlkm/lib/modules/tran_perf_util.ko 6458-6464
/vendor_dlkm/lib/modules/transsion_resmonitor.ko 6465-6478
/vendor_dlkm/lib/modules/transsion_touch.ko 6479-6794
/vendor_dlkm/lib/modules/transsion_tranlog.ko 6795-6824
/vendor_dlkm/lib/modules/trusted_mem.ko 6825-6861
/vendor_dlkm/lib/modules/uload_ind.ko 6862-6874
/vendor_dlkm/lib/modules/vcp.ko 6875-6950
/vendor_dlkm/lib/modules/vdec-fmt.ko 6951-6963 0 6964-7011
/vendor_dlkm/lib/modules/widevine_driver.ko 7012-7019
/vendor_dlkm/lib/modules/wlan_drv_gen4m_6789.ko 7020-7416 0 7417-8213
/vendor_dlkm/lib/modules/wmt_chrdev_wifi.ko 8214-8238
/vendor_dlkm/lib/modules/wmt_drv.ko 8239-8368 0 0 8369-8816
/vendor_dlkm/lib/modules/zram.ko 8817-8838
/vendor_dlkm/lib/modules/zsmalloc.ko 8839-8858
